python : 2025-11-19 19:35:07,452 - INFO - Loading embedding model: 
sentence-transformers/all-MiniLM-L6-v2
At line:1 char:1
+ python scripts/quick_test.py > test_output.txt 2>&1; Get-Content test ...
+ ~~~~~~~~~~~~~~~~~~~~~~~~~~~~~~~~~~~~~~~~~~~~~~~~~~~
    + CategoryInfo          : NotSpecified: (2025-11-19 19:3...ll-MiniLM-L6-v2 
   :String) [], RemoteException
    + FullyQualifiedErrorId : NativeCommandError
 
2025-11-19 19:35:07,459 - INFO - Use pytorch device_name: cpu
2025-11-19 19:35:07,459 - INFO - Load pretrained SentenceTransformer: 
sentence-transformers/all-MiniLM-L6-v2
2025-11-19 19:35:14,196 - INFO - Embedding model loaded successfully
2025-11-19 19:35:14,196 - INFO - Retrieval system initialized with index: 
ragchatbot
2025-11-19 19:35:16,273 - INFO - [RETRIEVAL] Retrieved 3 chunks for query: 
'what is the expense ratio of sbi large cap fund? ter total expense ratio...'
2025-11-19 19:35:16,275 - INFO - Re-ranked 3 chunks
2025-11-19 19:35:16,276 - INFO - [RETRIEVAL] Prepared context from 1 chunks 
(3153 chars, ~788 tokens) with 0 unique source URLs
2025-11-19 19:35:16,276 - WARNING - [RETRIEVAL] No source URLs found in chunks!
2025-11-19 19:35:17,266 - INFO - LLM Service initialized with model: 
llama-3.1-8b-instant
2025-11-19 19:35:17,790 - INFO - HTTP Request: POST 
https://api.groq.com/openai/v1/chat/completions "HTTP/1.1 200 OK"
2025-11-19 19:35:17,836 - INFO - Groq API key validated successfully
2025-11-19 19:35:17,836 - INFO - [LLM] Generating validated response (attempt 
1/3) for query: 'What is the expense ratio of SBI Large Cap Fund?...'
2025-11-19 19:35:17,836 - INFO - Generating response with Groq model: 
llama-3.1-8b-instant
2025-11-19 19:35:18,003 - INFO - HTTP Request: POST 
https://api.groq.com/openai/v1/chat/completions "HTTP/1.1 200 OK"
2025-11-19 19:35:18,005 - INFO - Response generated successfully (74 
characters)
2025-11-19 19:35:18,007 - WARNING - Validation error: Response missing source 
citation (should end with 'Last updated from sources.')
2025-11-19 19:35:18,008 - INFO - [LLM] Response validated successfully (no 
fixes needed)
======================================================================
Testing: What is the expense ratio of SBI Large Cap Fund?
======================================================================

1. Preprocessing...
   Classification: factual
   Scheme: SBI Large Cap Fund

2. Retrieving chunks...
   Retrieved 3 chunks
   Top chunk: SBI Large Cap Fund, score: 0.6714

3. Preparing context...
   Context length: 3153 chars
   Source URLs: 0

4. Generating response...

======================================================================
RESPONSE:
======================================================================
Answer: I don't have that information. Visit the official SBI Mutual Fund website Last updated from sources.
Source URL: https://www.sbimf.com
======================================================================
